PASS src/App.test.tsx
  ● Console

    console.log
      saveProgram called: 1

      at Object.<anonymous> (src/App.test.tsx:250:13)

    console.log
      getPrograms called: 1

      at Object.<anonymous> (src/App.test.tsx:251:13)

PASS src/components/ExcelUploader/ExcelUploader.test.tsx

Test Suites: 2 passed, 2 total
Tests:       12 passed, 12 total
Snapshots:   0 total
Time:        1.729 s, estimated 2 s
Ran all test suites related to changed files.

